// Jest Snapshot v1, https://goo.gl/fbAQLP

exports[`Components/WLine Should be render correctly 1`] = `
<g>
  <g>
    <defs>
      <clipPath id="WSpread1">
        <rect x="0" y="0" width="100%" height="100%"></rect>
      </clipPath>
    </defs>
    <g clip-path="url(#WSpread1)">
      <path d="M0,4000L1,3000L2,9800L3,2780L4,1890L5,-2390L6,3490" fill="none" stroke="red" strokeWidth="2" strokeDasharray="0" style="transition: all 1s ease;"></path>
      <!---->
      <!---->
    </g>
  </g>
  <!---->
</g>
`;
