// Jest Snapshot v1, https://goo.gl/fbAQLP

exports[`Widgets/WLegend Should be render correctly 1`] = `
<div class="WLegend" style="top: 20px; width: 100%; height: 20px; background-color: rgb(0, 0, 0);">
  <ul class="Wrapper" style="flex-direction: row; padding: 0px 20px 0px 20px; justify-content: flex-start; background-color: rgb(0, 0, 0);">
    <li class="Legend" style="margin: 0px 0px 0px .75rem;">
      <wlegenditem-stub colors="#48c0b6,#9d6af5,#ffde69,#e8e8e8,#54ddd9,#6e19ff,#dfbd46" index="0" text="One Bar" active="true" color="" styles="[object Object]" bulletstyles="[object Object]" style="background-color: rgb(0, 0, 0);"></wlegenditem-stub>
    </li>
    <li class="Legend" style="margin: 0px 0px 0px .75rem;">
      <wlegenditem-stub colors="#48c0b6,#9d6af5,#ffde69,#e8e8e8,#54ddd9,#6e19ff,#dfbd46" index="1" text="Two Bar" active="true" color="" styles="[object Object]" bulletstyles="[object Object]" style="background-color: rgb(0, 0, 0);"></wlegenditem-stub>
    </li>
  </ul>
</div>
`;
