// Jest Snapshot v1, https://goo.gl/fbAQLP

exports[`Widgets/WLegendItem Should be render correctly 1`] = `
<a title="test" style="transition: all 1s ease; display: flex; align-items: center; font-size: 12px; cursor: pointer; color: rgb(0, 0, 0); opacity: 0.5;">
  <wbullet-stub colors="#48c0b6,#9d6af5,#ffde69,#e8e8e8,#54ddd9,#6e19ff,#dfbd46" styles="[object Object]"></wbullet-stub> <span>test</span>
</a>
`;
